08:35:11!!! SERVER CONNECTION LOST — running from NVS !!!
08:35:11NET: server reconnected at 192.168.1.145:8080
08:50:00ch1 executed (schedule)
08:50:00ch2 executed (schedule)
08:50:00[08:50:00] ch1 ON (3000ms, schedule)
08:50:00[08:50:00] ch2 ON (3000ms, schedule)
08:50:03[08:50:03] ch1 OFF
08:50:03[08:50:03] ch2 OFF
08:55:00ch1 executed (schedule)
08:55:00ch2 executed (schedule)
08:55:01[08:55:00] ch1 ON (1700ms, schedule)
08:55:01[08:55:00] ch2 ON (1700ms, schedule)
08:55:01[08:55:00] ch1 ON (1700ms, schedule)
08:55:01[08:55:00] ch2 ON (1700ms, schedule)
08:55:01[08:55:01] ch1 OFF
08:55:01[08:55:01] ch2 OFF
09:00:00ch1 executed (schedule)
09:00:00ch2 executed (schedule)
09:00:00[09:00:00] ch1 ON (1700ms, schedule)
09:00:00[09:00:00] ch2 ON (1700ms, schedule)
09:00:01[09:00:01] ch1 OFF
09:00:01[09:00:01] ch2 OFF
09:40:00ch1 executed (schedule)
09:40:00ch2 executed (schedule)
09:40:00[09:40:00] ch1 ON (1700ms, schedule)
09:40:00[09:40:00] ch2 ON (1700ms, schedule)
09:40:01[09:40:01] ch1 OFF
09:40:01[09:40:01] ch2 OFF
10:20:00ch1 executed (schedule)
10:20:00ch2 executed (schedule)
10:20:00[10:20:00] ch1 ON (1700ms, schedule)
10:20:00[10:20:00] ch2 ON (1700ms, schedule)
10:20:06=== BELL CORE BOOT ===
10:20:06NVS: booted from stored config
10:20:06RTC: I2C SDA=1 SCL=1 address 0x68 NACK
10:20:06RTC: check 3.3V/GND and that SDA/SCL reach GPIO21/GPIO22
10:20:06RTC: module detected
10:20:06RTC: clock seeded — 2026-08-20 10:20:02
10:20:06Bell Core ready.
10:20:06WiFi: connecting to MKS...
10:20:06Beacon: listening on UDP/9999
10:20:06Network Sync ready (task on core 0).
10:20:06[OTA] Firmware version: 0.0.0-dev
10:20:06[OTA] Compiled at: 2026-08-19T09:54:41Z
10:20:06[OTA] Protocol: 2 (minimum device protocol: 1)
10:20:06[OTA] Last applied SHA‑256: 720be09254b9587e...
10:20:06[15:50:02] LittleFS mounted: 8192 / 262144 bytes used
10:20:06BOOT: running from factory partition (0x010000) Built: Aug 19 2026 15:24:46 Uploaded: 2026-08-19 15:25:58
10:20:07WiFi: connected
10:20:07NET: server reconnected at 192.168.1.145:8080
10:20:33NET: first server config
10:21:02[OTA] Checking for updates...
10:21:04[OTA] Up to date (compiled current=2026-08-19T09:54:41Z, server=2026-08-18T12:56:40Z)
10:21:32[OTA] Boot confirmed stable — rollback protection cancelled
10:31:01=== BELL CORE BOOT ===
10:31:01NVS: booted from stored config
10:31:01RTC: I2C SDA=1 SCL=1 address 0x68 NACK
10:31:01RTC: check 3.3V/GND and that SDA/SCL reach GPIO21/GPIO22
10:31:01RTC: module detected
10:31:01RTC: clock seeded — 2026-08-20 10:30:58
10:31:01Bell Core ready.
10:31:01WiFi: connecting to MKS...
10:31:01Beacon: listening on UDP/9999
10:31:01Network Sync ready (task on core 0).
10:31:01[OTA] Firmware version: 0.0.0-dev
10:31:01[OTA] Compiled at: 2026-08-19T09:54:41Z
10:31:01[OTA] Protocol: 2 (minimum device protocol: 1)
10:31:01[OTA] Last applied SHA‑256: 720be09254b9587e...
10:31:01[16:00:58] LittleFS mounted: 8192 / 262144 bytes used
10:31:01BOOT: running from factory partition (0x010000) Built: Aug 19 2026 15:24:46 Uploaded: 2026-08-19 15:25:58
10:31:01WiFi: connected
10:31:01NET: server reconnected at 192.168.1.145:8080
10:31:29NET: first server config
10:31:58[OTA] Checking for updates...
10:31:58[OTA] Up to date (compiled current=2026-08-19T09:54:41Z, server=2026-08-18T12:56:40Z)
10:32:28[OTA] Boot confirmed stable — rollback protection cancelled
11:00:47=== BELL CORE BOOT ===
11:00:47NVS: booted from stored config
11:00:47RTC: I2C SDA=1 SCL=1 address 0x68 NACK
11:00:47RTC: check 3.3V/GND and that SDA/SCL reach GPIO21/GPIO22
11:00:47RTC: module detected
11:00:47RTC: clock seeded — 2026-08-20 11:00:45
11:00:47Bell Core ready.
11:00:47WiFi: connecting to MKS...
11:00:47Beacon: listening on UDP/9999
11:00:47Network Sync ready (task on core 0).
11:00:47[OTA] Firmware version: 0.0.0-dev
11:00:47[OTA] Compiled at: 2026-08-19T09:54:41Z
11:00:47[OTA] Protocol: 2 (minimum device protocol: 1)
11:00:47[OTA] Last applied SHA‑256: 720be09254b9587e...
11:00:47[16:30:45] LittleFS mounted: 8192 / 262144 bytes used
11:00:47BOOT: running from factory partition (0x010000) Built: Aug 19 2026 15:24:46 Uploaded: 2026-08-19 15:25:58
11:00:47NET: server reconnected at 192.168.1.145:8080
11:00:47WiFi: connected
11:01:17NET: first server config
11:01:44[OTA] Checking for updates...
11:01:45[OTA] Up to date (compiled current=2026-08-19T09:54:41Z, server=2026-08-18T12:56:40Z)
11:02:14[OTA] Boot confirmed stable — rollback protection cancelled
11:07:19NET: schedule updated from server
11:07:20NET: schedule updated from server
11:10:00ch1 executed (schedule)
11:10:00ch2 executed (schedule)
11:10:00[11:10:00] ch1 ON (1700ms, schedule)
11:10:00[11:10:00] ch2 ON (1700ms, schedule)
11:10:01[11:10:01] ch1 OFF
11:10:01[11:10:01] ch2 OFF
11:50:00ch1 executed (schedule)
11:50:00ch2 executed (schedule)
11:50:00[11:50:00] ch1 ON (1700ms, schedule)
11:50:00[11:50:00] ch2 ON (1700ms, schedule)
11:50:02[11:50:01] ch1 OFF
11:50:02[11:50:01] ch2 OFF
12:01:07RTC: synced & verified — 2026-08-20 12:01:07
12:30:00ch1 executed (schedule)
12:30:00ch2 executed (schedule)
12:30:00[12:30:00] ch1 ON (2500ms, schedule)
12:30:00[12:30:00] ch2 ON (2500ms, schedule)
12:30:02[12:30:02] ch1 OFF
12:30:02[12:30:02] ch2 OFF
13:10:00ch1 executed (schedule)
13:10:00ch2 executed (schedule)
13:10:00[13:10:00] ch1 ON (1700ms, schedule)
13:10:00[13:10:00] ch2 ON (1700ms, schedule)
13:10:01[13:10:01] ch1 OFF
13:10:02[13:10:01] ch2 OFF
13:50:00ch1 executed (schedule)
13:50:00ch2 executed (schedule)
13:50:00[13:50:00] ch1 ON (1700ms, schedule)
13:50:00[13:50:00] ch2 ON (1700ms, schedule)
13:50:07=== BELL CORE BOOT ===
13:50:07NVS: booted from stored config
13:50:07RTC: I2C SDA=1 SCL=1 address 0x68 NACK
13:50:07RTC: check 3.3V/GND and that SDA/SCL reach GPIO21/GPIO22
13:50:07RTC: module detected
13:50:07RTC: clock seeded — 2026-08-20 13:50:02
13:50:07Bell Core ready.
13:50:07WiFi: connecting to MKS...
13:50:07Beacon: listening on UDP/9999
13:50:07Network Sync ready (task on core 0).
13:50:07[OTA] Firmware version: 0.0.0-dev
13:50:07[OTA] Compiled at: 2026-08-19T09:54:41Z
13:50:07[OTA] Protocol: 2 (minimum device protocol: 1)
13:50:07[OTA] Last applied SHA‑256: 720be09254b9587e...
13:50:07[19:20:02] LittleFS mounted: 8192 / 262144 bytes used
13:50:07BOOT: running from factory partition (0x010000) Built: Aug 19 2026 15:24:46 Uploaded: 2026-08-19 15:25:58
13:50:07WiFi: connected
13:50:07NET: server reconnected at 192.168.1.145:8080
13:50:33NET: first server config
13:51:02[OTA] Checking for updates...
13:51:03[OTA] Up to date (compiled current=2026-08-19T09:54:41Z, server=2026-08-18T12:56:40Z)
13:51:32[OTA] Boot confirmed stable — rollback protection cancelled
14:31:47=== BELL CORE BOOT ===
14:31:47NVS: booted from stored config
14:31:47RTC: I2C SDA=1 SCL=1 address 0x68 NACK
14:31:47RTC: check 3.3V/GND and that SDA/SCL reach GPIO21/GPIO22
14:31:47RTC: module detected
14:31:47RTC: clock seeded — 2026-08-20 14:31:42
14:31:47Bell Core ready.
14:31:47WiFi: connecting to MKS...
14:31:47Beacon: listening on UDP/9999
14:31:47Network Sync ready (task on core 0).
14:31:47[OTA] Firmware version: 0.0.0-dev
14:31:47[OTA] Compiled at: 2026-08-19T09:54:41Z
14:31:47[OTA] Protocol: 2 (minimum device protocol: 1)
14:31:47[OTA] Last applied SHA‑256: 720be09254b9587e...
14:31:47[20:01:42] LittleFS mounted: 8192 / 262144 bytes used
14:31:47BOOT: running from factory partition (0x010000) Built: Aug 19 2026 15:24:46 Uploaded: 2026-08-19 15:25:58
14:31:47WiFi: connected
14:31:47NET: server reconnected at 192.168.1.145:8080
14:32:14NET: first server config
14:32:42[OTA] Checking for updates...
14:32:43[OTA] Up to date (compiled current=2026-08-19T09:54:41Z, server=2026-08-18T12:56:40Z)
14:33:12[OTA] Boot confirmed stable — rollback protection cancelled
14:40:52=== BELL CORE BOOT ===
14:40:52NVS: booted from stored config
14:40:52RTC: I2C SDA=1 SCL=1 address 0x68 NACK
14:40:52RTC: check 3.3V/GND and that SDA/SCL reach GPIO21/GPIO22
14:40:52RTC: module detected
14:40:52RTC: clock seeded — 2026-08-20 14:40:47
14:40:52Bell Core ready.
14:40:52WiFi: connecting to MKS...
14:40:52Beacon: listening on UDP/9999
14:40:52Network Sync ready (task on core 0).
14:40:52[OTA] Firmware version: 0.0.0-dev
14:40:52[OTA] Compiled at: 2026-08-19T09:54:41Z
14:40:52[OTA] Protocol: 2 (minimum device protocol: 1)
14:40:52[OTA] Last applied SHA‑256: 720be09254b9587e...
14:40:52[20:10:47] LittleFS mounted: 8192 / 262144 bytes used
14:40:52BOOT: running from factory partition (0x010000) Built: Aug 19 2026 15:24:46 Uploaded: 2026-08-19 15:25:58
14:40:52WiFi: connected
14:40:52NET: server reconnected at 192.168.1.145:8080
14:41:19NET: first server config
14:41:47[OTA] Checking for updates...
14:41:47[OTA] Up to date (compiled current=2026-08-19T09:54:41Z, server=2026-08-18T12:56:40Z)
14:42:17[OTA] Boot confirmed stable — rollback protection cancelled
15:11:22=== BELL CORE BOOT ===
15:11:22NVS: booted from stored config
15:11:22RTC: I2C SDA=1 SCL=1 address 0x68 NACK
15:11:22RTC: check 3.3V/GND and that SDA/SCL reach GPIO21/GPIO22
15:11:22RTC: module detected
15:11:22RTC: clock seeded — 2026-08-20 15:11:20
15:11:22Bell Core ready.
15:11:22WiFi: connecting to MKS...
15:11:23Beacon: listening on UDP/9999
15:11:23Network Sync ready (task on core 0).
15:11:23[OTA] Firmware version: 0.0.0-dev
15:11:23[OTA] Compiled at: 2026-08-19T09:54:41Z
15:11:23[OTA] Protocol: 2 (minimum device protocol: 1)
15:11:23[OTA] Last applied SHA‑256: 720be09254b9587e...
15:11:23[20:41:20] LittleFS mounted: 8192 / 262144 bytes used
15:11:23BOOT: running from factory partition (0x010000) Built: Aug 19 2026 15:24:46 Uploaded: 2026-08-19 15:25:58
15:11:23WiFi: connected
15:11:23NET: server reconnected at 192.168.1.145:8080
15:11:51NET: first server config
15:12:20[OTA] Checking for updates...
15:12:20[OTA] Up to date (compiled current=2026-08-19T09:54:41Z, server=2026-08-18T12:56:40Z)
15:12:50[OTA] Boot confirmed stable — rollback protection cancelled